../Drivers/CMSIS/Include/core_cm4.h:1938:34:__NVIC_SystemReset	4	static,ignoring_inline_asm
../Core/Src/I2C_Peripherals.c:94:19:EEPROM_DeviceInit	8	static
../Core/Src/I2C_Peripherals.c:108:19:DS1307_DeviceInit	32	static
../Core/Src/I2C_Peripherals.c:136:12:I2C_Init_Devices	16	static
../Core/Src/I2C_Peripherals.c:212:13:I2C_Status_ToString	16	static
../Core/Src/I2C_Peripherals.c:239:19:RTC_SetTime	40	static
../Core/Src/I2C_Peripherals.c:266:19:RTC_GetTime	40	static
../Core/Src/I2C_Peripherals.c:294:19:DS3231_GetTemp	40	static
../Core/Src/I2C_Peripherals.c:326:10:Parse_TimeString	40	static
../Core/Src/I2C_Peripherals.c:411:9:dec_to_bcd	16	static
../Core/Src/I2C_Peripherals.c:414:9:bcd_to_dec	16	static
../Core/Src/I2C_Peripherals.c:425:15:EEPROM_Init	8	static
../Core/Src/I2C_Peripherals.c:458:15:EEPROM_Write_NoCRC	24	static
../Core/Src/I2C_Peripherals.c:496:15:EEPROM_Read_NoCRC	24	static
../Core/Src/I2C_Peripherals.c:548:15:EEPROM_Write	32	static
../Core/Src/I2C_Peripherals.c:596:15:EEPROM_Read	48	static
../Core/Src/I2C_Peripherals.c:697:10:Compute_CRC	32	static
../Core/Src/I2C_Peripherals.c:719:22:Internal_Write	40	static
../Core/Src/I2C_Peripherals.c:743:22:Internal_Read	40	static
../Core/Src/I2C_Peripherals.c:764:13:Hardware_Reset	8	static
../Core/Src/I2C_Peripherals.c:786:22:Validate_Address	24	static
../Core/Src/I2C_Peripherals.c:815:13:Update_Health	16	static
../Core/Src/I2C_Peripherals.c:833:6:EEPROM_EraseAll	64	static
../Core/Src/I2C_Peripherals.c:846:6:EEPROM_GetHealth	16	static
../Core/Src/I2C_Peripherals.c:850:6:EEPROM_ResetHealth	8	static
../Core/Src/I2C_Peripherals.c:854:6:EEPROM_IsReady	8	static
