../Drivers/CMSIS/Include/core_cm4.h:1938:34:__NVIC_SystemReset	4	static,ignoring_inline_asm
../Core/Src/I2C_Peripherals.c:88:19:EEPROM_DeviceInit	8	static
../Core/Src/I2C_Peripherals.c:102:19:DS1307_DeviceInit	32	static
../Core/Src/I2C_Peripherals.c:130:12:I2C_Init_Devices	16	static
../Core/Src/I2C_Peripherals.c:206:13:I2C_Status_ToString	16	static
../Core/Src/I2C_Peripherals.c:233:19:RTC_SetTime	40	static
../Core/Src/I2C_Peripherals.c:260:19:RTC_GetTime	40	static
../Core/Src/I2C_Peripherals.c:288:19:DS3231_GetTemp	40	static
../Core/Src/I2C_Peripherals.c:320:10:Parse_TimeString	40	static
../Core/Src/I2C_Peripherals.c:405:9:dec_to_bcd	16	static
../Core/Src/I2C_Peripherals.c:408:9:bcd_to_dec	16	static
../Core/Src/I2C_Peripherals.c:419:15:EEPROM_Init	8	static
../Core/Src/I2C_Peripherals.c:452:15:EEPROM_Write_NoCRC	24	static
../Core/Src/I2C_Peripherals.c:490:15:EEPROM_Read_NoCRC	24	static
../Core/Src/I2C_Peripherals.c:542:15:EEPROM_Write	32	static
../Core/Src/I2C_Peripherals.c:590:15:EEPROM_Read	48	static
../Core/Src/I2C_Peripherals.c:691:10:Compute_CRC	32	static
../Core/Src/I2C_Peripherals.c:713:22:Internal_Write	40	static
../Core/Src/I2C_Peripherals.c:737:22:Internal_Read	40	static
../Core/Src/I2C_Peripherals.c:758:13:Hardware_Reset	8	static
../Core/Src/I2C_Peripherals.c:780:22:Validate_Address	24	static
../Core/Src/I2C_Peripherals.c:809:13:Update_Health	16	static
../Core/Src/I2C_Peripherals.c:827:6:EEPROM_EraseAll	64	static
../Core/Src/I2C_Peripherals.c:840:6:EEPROM_GetHealth	16	static
../Core/Src/I2C_Peripherals.c:844:6:EEPROM_ResetHealth	8	static
../Core/Src/I2C_Peripherals.c:848:6:EEPROM_IsReady	8	static
