../Core/Src/OLED/I2C_OLED_SH1106.c:71:29:SH1106_Translate_HAL_Status	16	static
../Core/Src/OLED/I2C_OLED_SH1106.c:97:29:SH1106_WriteCommand	40	static
../Core/Src/OLED/I2C_OLED_SH1106.c:121:13:SH1106_WriteData	32	static
../Core/Src/OLED/I2C_OLED_SH1106.c:126:6:SH1106_OLED_WriteCommand	32	static
../Core/Src/OLED/I2C_OLED_SH1106.c:131:6:OLED_WriteData	32	static
../Core/Src/OLED/I2C_OLED_SH1106.c:138:6:OLED_Write_Data	32	static
../Core/Src/OLED/I2C_OLED_SH1106.c:236:22:SH1106_Init	8	static
../Core/Src/OLED/I2C_OLED_SH1106.c:386:6:SH1106_UpdateScreen	16	static
../Core/Src/OLED/I2C_OLED_SH1106.c:419:6:SH1106_Fill	16	static
../Core/Src/OLED/I2C_OLED_SH1106.c:428:6:SH1106_DrawPixel	16	static
../Core/Src/OLED/I2C_OLED_SH1106.c:453:6:SH1106_DrawBitmap	32	static
../Core/Src/OLED/I2C_OLED_SH1106.c:485:6:SH1106_GotoXY	16	static
../Core/Src/OLED/I2C_OLED_SH1106.c:493:6:SH1106_Putc	32	static
../Core/Src/OLED/I2C_OLED_SH1106.c:521:6:SH1106_Puts	24	static
../Core/Src/OLED/I2C_OLED_SH1106.c:534:6:SH1106_DrawImageDirect	24	static
../Core/Src/OLED/I2C_OLED_SH1106.c:575:6:OLED_Write_CMD	32	static
../Core/Src/OLED/I2C_OLED_SH1106.c:583:6:RunDisplayTest	16	static
../Core/Src/OLED/I2C_OLED_SH1106.c:605:6:SH1106_ToggleInvert	16	static
../Core/Src/OLED/I2C_OLED_SH1106.c:617:6:SH1106_I2C_Write	32	static
../Core/Src/OLED/I2C_OLED_SH1106.c:624:6:SH1106_Clear	8	static
../Core/Src/OLED/I2C_OLED_SH1106.c:629:6:SH1106_ON	8	static
../Core/Src/OLED/I2C_OLED_SH1106.c:634:6:SH1106_OFF	8	static
../Core/Src/OLED/I2C_OLED_SH1106.c:640:6:SH1106_I2C_WriteMulti	296	static
../Core/Src/OLED/I2C_OLED_SH1106.c:659:6:SH1106_InvertDisplay	16	static
../Core/Src/OLED/I2C_OLED_SH1106.c:672:9:SH1106_ReadStatus	24	static
