../Core/Src/OLED/I2C_OLED_SH1106.c:69:29:SH1106_Translate_HAL_Status	16	static
../Core/Src/OLED/I2C_OLED_SH1106.c:90:29:SH1106_WriteCommand	40	static
../Core/Src/OLED/I2C_OLED_SH1106.c:107:22:OLED_WriteData	40	static
../Core/Src/OLED/I2C_OLED_SH1106.c:113:6:OLED_Write_CMD	32	static
../Core/Src/OLED/I2C_OLED_SH1106.c:210:22:SH1106_Init	8	static
../Core/Src/OLED/I2C_OLED_SH1106.c:283:6:SH1106_UpdateScreen	16	static
../Core/Src/OLED/I2C_OLED_SH1106.c:316:6:SH1106_Fill	16	static
../Core/Src/OLED/I2C_OLED_SH1106.c:325:6:SH1106_DrawPixel	16	static
../Core/Src/OLED/I2C_OLED_SH1106.c:350:6:SH1106_DrawBitmap	32	static
../Core/Src/OLED/I2C_OLED_SH1106.c:382:6:SH1106_GotoXY	16	static
../Core/Src/OLED/I2C_OLED_SH1106.c:390:6:SH1106_Putc	32	static
../Core/Src/OLED/I2C_OLED_SH1106.c:418:6:SH1106_Puts	24	static
../Core/Src/OLED/I2C_OLED_SH1106.c:431:6:SH1106_DrawImageDirect	24	static
../Core/Src/OLED/I2C_OLED_SH1106.c:472:6:RunDisplayTest	16	static
../Core/Src/OLED/I2C_OLED_SH1106.c:494:6:SH1106_ToggleInvert	16	static
../Core/Src/OLED/I2C_OLED_SH1106.c:506:6:SH1106_I2C_Write	32	static
../Core/Src/OLED/I2C_OLED_SH1106.c:513:6:SH1106_Clear	8	static
../Core/Src/OLED/I2C_OLED_SH1106.c:518:6:SH1106_ON	8	static
../Core/Src/OLED/I2C_OLED_SH1106.c:523:6:SH1106_OFF	8	static
../Core/Src/OLED/I2C_OLED_SH1106.c:529:6:SH1106_I2C_WriteMulti	296	static
../Core/Src/OLED/I2C_OLED_SH1106.c:548:6:SH1106_InvertDisplay	16	static
../Core/Src/OLED/I2C_OLED_SH1106.c:561:9:SH1106_ReadStatus	24	static
