../Core/Src/OLED/I2C_OLED_SH1106.c:64:29:SH1106_Translate_HAL_Status	16	static
../Core/Src/OLED/I2C_OLED_SH1106.c:85:29:SH1106_WriteCommand	40	static
../Core/Src/OLED/I2C_OLED_SH1106.c:103:22:OLED_WriteData	40	static
../Core/Src/OLED/I2C_OLED_SH1106.c:109:6:OLED_Write_CMD	32	static
../Core/Src/OLED/I2C_OLED_SH1106.c:115:6:SH1106_ShowRawBuffer	168	static
../Core/Src/OLED/I2C_OLED_SH1106.c:220:22:SH1106_Init	8	static
../Core/Src/OLED/I2C_OLED_SH1106.c:293:6:SH1106_UpdateScreen	16	static
../Core/Src/OLED/I2C_OLED_SH1106.c:326:6:SH1106_Fill	16	static
../Core/Src/OLED/I2C_OLED_SH1106.c:335:6:SH1106_DrawPixel	16	static
../Core/Src/OLED/I2C_OLED_SH1106.c:360:6:SH1106_DrawBitmap	32	static
../Core/Src/OLED/I2C_OLED_SH1106.c:392:6:SH1106_GotoXY	16	static
../Core/Src/OLED/I2C_OLED_SH1106.c:400:6:SH1106_Putc	32	static
../Core/Src/OLED/I2C_OLED_SH1106.c:428:6:SH1106_Puts	24	static
../Core/Src/OLED/I2C_OLED_SH1106.c:441:6:SH1106_DrawImageDirect	24	static
../Core/Src/OLED/I2C_OLED_SH1106.c:482:6:RunDisplayTest	16	static
../Core/Src/OLED/I2C_OLED_SH1106.c:504:6:SH1106_ToggleInvert	16	static
../Core/Src/OLED/I2C_OLED_SH1106.c:516:6:SH1106_I2C_Write	32	static
../Core/Src/OLED/I2C_OLED_SH1106.c:523:6:SH1106_Clear	8	static
../Core/Src/OLED/I2C_OLED_SH1106.c:528:6:SH1106_ON	8	static
../Core/Src/OLED/I2C_OLED_SH1106.c:533:6:SH1106_OFF	8	static
../Core/Src/OLED/I2C_OLED_SH1106.c:539:6:SH1106_I2C_WriteMulti	296	static
../Core/Src/OLED/I2C_OLED_SH1106.c:558:6:SH1106_InvertDisplay	16	static
../Core/Src/OLED/I2C_OLED_SH1106.c:571:9:SH1106_ReadStatus	24	static
